*** Vertices:
Vertex InputLayer, size: 1, model: SpikeSourceArrayVertex
    Constraints:
        MaxVertexAtomsConstraint(size=9223372036854775807)
    Outgoing Edge Partitions:
    Partition SPIKE:
        Edge: 0Dense_10_excitatory, From InputLayer to 0Dense_10, model: ProjectionApplicationEdge

Vertex 0Dense_10, size: 10, model: AbstractPopulationVertex
    Constraints:
        MaxVertexAtomsConstraint(size=255)
    Outgoing Edge Partitions:
    Partition SPIKE:
        Edge: 1Dense_10_excitatory, From 0Dense_10 to 1Dense_10, model: ProjectionApplicationEdge

Vertex 1Dense_10, size: 10, model: AbstractPopulationVertex
    Constraints:
        MaxVertexAtomsConstraint(size=255)
    Outgoing Edge Partitions:
    Partition SPIKE:
        Edge: 2Dense_10_excitatory, From 1Dense_10 to 2Dense_10, model: ProjectionApplicationEdge

Vertex 2Dense_10, size: 10, model: AbstractPopulationVertex
    Constraints:
        MaxVertexAtomsConstraint(size=255)
    Outgoing Edge Partitions:
    Partition SPIKE:
        Edge: 3Dense_1_excitatory, From 2Dense_10 to 3Dense_1, model: ProjectionApplicationEdge

Vertex 3Dense_1, size: 1, model: AbstractPopulationVertex
    Constraints:
        MaxVertexAtomsConstraint(size=255)
    Outgoing Edge Partitions:

