        Placement Information by Core
        =============================

Generated: Sun Jul 17 07:31:58 2022 for target machine 'virtual'

**** Chip: (0, 0)
Application cores: 18
  Processor 1: Vertex: 'ExtraMonitorSupport', pop size: 1
              Slice on this core: 0:0 (1 atoms)
              Model: ExtraMonitorSupport

  Processor 2: Vertex: 'multicast speed up application vertex for 0, 0', pop size: 1
              Slice on this core: 0:0 (1 atoms)
              Model: DataSpeedUpPacketGather

  Processor 3: Vertex: '0Dense_10', pop size: 10
              Slice on this core: 0:9 (10 atoms)
              Model: AbstractPopulationVertex

  Processor 4: Vertex: '1Dense_10', pop size: 10
              Slice on this core: 0:9 (10 atoms)
              Model: AbstractPopulationVertex

  Processor 5: Vertex: '2Dense_10', pop size: 10
              Slice on this core: 0:9 (10 atoms)
              Model: AbstractPopulationVertex

  Processor 6: Vertex: '3Dense_1', pop size: 1
              Slice on this core: 0:0 (1 atoms)
              Model: AbstractPopulationVertex

  Processor 7: Vertex: 'InputLayer', pop size: 1
              Slice on this core: 0:0 (1 atoms)
              Model: SpikeSourceArrayVertex

**** Chip: (0, 1)
Application cores: 18
  Processor 1: Vertex: 'ExtraMonitorSupport1', pop size: 1
              Slice on this core: 0:0 (1 atoms)
              Model: ExtraMonitorSupport

**** Chip: (1, 0)
Application cores: 18
  Processor 1: Vertex: 'ExtraMonitorSupport2', pop size: 1
              Slice on this core: 0:0 (1 atoms)
              Model: ExtraMonitorSupport

**** Chip: (1, 1)
Application cores: 18
  Processor 1: Vertex: 'ExtraMonitorSupport3', pop size: 1
              Slice on this core: 0:0 (1 atoms)
              Model: ExtraMonitorSupport

